// Jest Snapshot v1, https://goo.gl/fbAQLP

exports[`EntryForm renders 1`] = `
ShallowWrapper {
  Symbol(enzyme.__root__): [Circular],
  Symbol(enzyme.__unrendered__): <EntryForm
    onSubmitEntry={[Function]}
  />,
  Symbol(enzyme.__renderer__): Object {
    "batchedUpdates": [Function],
    "getNode": [Function],
    "render": [Function],
    "simulateError": [Function],
    "simulateEvent": [Function],
    "unmount": [Function],
  },
  Symbol(enzyme.__node__): Object {
    "instance": null,
    "key": undefined,
    "nodeType": "host",
    "props": Object {
      "children": Array [
        <Container>
          <p>
            Fill out the form to add an entry!
          </p>
          <Form
            as="form"
            onSubmit={[Function]}
          >
            <FormGroup>
              <FormField
                control={[Function]}
                label="Date"
                name="date"
                onChange={[Function]}
                placeholder="Enter the date here..."
                required={true}
                value=""
              />
              <FormField
                control={[Function]}
                label="Entry"
                name="text"
                onChange={[Function]}
                placeholder="Start typing your entry here..."
                required={true}
                value=""
              />
              <FormButton
                as={[Function]}
                content="Submit"
                control={[Function]}
              />
            </FormGroup>
          </Form>
        </Container>,
        <Divider />,
      ],
    },
    "ref": null,
    "rendered": Array [
      Object {
        "instance": null,
        "key": undefined,
        "nodeType": "function",
        "props": Object {
          "children": Array [
            <p>
              Fill out the form to add an entry!
            </p>,
            <Form
              as="form"
              onSubmit={[Function]}
            >
              <FormGroup>
                <FormField
                  control={[Function]}
                  label="Date"
                  name="date"
                  onChange={[Function]}
                  placeholder="Enter the date here..."
                  required={true}
                  value=""
                />
                <FormField
                  control={[Function]}
                  label="Entry"
                  name="text"
                  onChange={[Function]}
                  placeholder="Start typing your entry here..."
                  required={true}
                  value=""
                />
                <FormButton
                  as={[Function]}
                  content="Submit"
                  control={[Function]}
                />
              </FormGroup>
            </Form>,
          ],
        },
        "ref": null,
        "rendered": Array [
          Object {
            "instance": null,
            "key": undefined,
            "nodeType": "host",
            "props": Object {
              "children": "Fill out the form to add an entry!",
            },
            "ref": null,
            "rendered": "Fill out the form to add an entry!",
            "type": "p",
          },
          Object {
            "instance": null,
            "key": undefined,
            "nodeType": "class",
            "props": Object {
              "as": "form",
              "children": <FormGroup>
                <FormField
                  control={[Function]}
                  label="Date"
                  name="date"
                  onChange={[Function]}
                  placeholder="Enter the date here..."
                  required={true}
                  value=""
                />
                <FormField
                  control={[Function]}
                  label="Entry"
                  name="text"
                  onChange={[Function]}
                  placeholder="Start typing your entry here..."
                  required={true}
                  value=""
                />
                <FormButton
                  as={[Function]}
                  content="Submit"
                  control={[Function]}
                />
              </FormGroup>,
              "onSubmit": [Function],
            },
            "ref": null,
            "rendered": Object {
              "instance": null,
              "key": undefined,
              "nodeType": "function",
              "props": Object {
                "children": Array [
                  <FormField
                    control={[Function]}
                    label="Date"
                    name="date"
                    onChange={[Function]}
                    placeholder="Enter the date here..."
                    required={true}
                    value=""
                  />,
                  <FormField
                    control={[Function]}
                    label="Entry"
                    name="text"
                    onChange={[Function]}
                    placeholder="Start typing your entry here..."
                    required={true}
                    value=""
                  />,
                  <FormButton
                    as={[Function]}
                    content="Submit"
                    control={[Function]}
                  />,
                ],
              },
              "ref": null,
              "rendered": Array [
                Object {
                  "instance": null,
                  "key": undefined,
                  "nodeType": "function",
                  "props": Object {
                    "control": [Function],
                    "label": "Date",
                    "name": "date",
                    "onChange": [Function],
                    "placeholder": "Enter the date here...",
                    "required": true,
                    "value": "",
                  },
                  "ref": null,
                  "rendered": null,
                  "type": [Function],
                },
                Object {
                  "instance": null,
                  "key": undefined,
                  "nodeType": "function",
                  "props": Object {
                    "control": [Function],
                    "label": "Entry",
                    "name": "text",
                    "onChange": [Function],
                    "placeholder": "Start typing your entry here...",
                    "required": true,
                    "value": "",
                  },
                  "ref": null,
                  "rendered": null,
                  "type": [Function],
                },
                Object {
                  "instance": null,
                  "key": undefined,
                  "nodeType": "function",
                  "props": Object {
                    "as": [Function],
                    "content": "Submit",
                    "control": [Function],
                  },
                  "ref": null,
                  "rendered": null,
                  "type": [Function],
                },
              ],
              "type": [Function],
            },
            "type": [Function],
          },
        ],
        "type": [Function],
      },
      Object {
        "instance": null,
        "key": undefined,
        "nodeType": "function",
        "props": Object {},
        "ref": null,
        "rendered": null,
        "type": [Function],
      },
    ],
    "type": "div",
  },
  Symbol(enzyme.__nodes__): Array [
    Object {
      "instance": null,
      "key": undefined,
      "nodeType": "host",
      "props": Object {
        "children": Array [
          <Container>
            <p>
              Fill out the form to add an entry!
            </p>
            <Form
              as="form"
              onSubmit={[Function]}
            >
              <FormGroup>
                <FormField
                  control={[Function]}
                  label="Date"
                  name="date"
                  onChange={[Function]}
                  placeholder="Enter the date here..."
                  required={true}
                  value=""
                />
                <FormField
                  control={[Function]}
                  label="Entry"
                  name="text"
                  onChange={[Function]}
                  placeholder="Start typing your entry here..."
                  required={true}
                  value=""
                />
                <FormButton
                  as={[Function]}
                  content="Submit"
                  control={[Function]}
                />
              </FormGroup>
            </Form>
          </Container>,
          <Divider />,
        ],
      },
      "ref": null,
      "rendered": Array [
        Object {
          "instance": null,
          "key": undefined,
          "nodeType": "function",
          "props": Object {
            "children": Array [
              <p>
                Fill out the form to add an entry!
              </p>,
              <Form
                as="form"
                onSubmit={[Function]}
              >
                <FormGroup>
                  <FormField
                    control={[Function]}
                    label="Date"
                    name="date"
                    onChange={[Function]}
                    placeholder="Enter the date here..."
                    required={true}
                    value=""
                  />
                  <FormField
                    control={[Function]}
                    label="Entry"
                    name="text"
                    onChange={[Function]}
                    placeholder="Start typing your entry here..."
                    required={true}
                    value=""
                  />
                  <FormButton
                    as={[Function]}
                    content="Submit"
                    control={[Function]}
                  />
                </FormGroup>
              </Form>,
            ],
          },
          "ref": null,
          "rendered": Array [
            Object {
              "instance": null,
              "key": undefined,
              "nodeType": "host",
              "props": Object {
                "children": "Fill out the form to add an entry!",
              },
              "ref": null,
              "rendered": "Fill out the form to add an entry!",
              "type": "p",
            },
            Object {
              "instance": null,
              "key": undefined,
              "nodeType": "class",
              "props": Object {
                "as": "form",
                "children": <FormGroup>
                  <FormField
                    control={[Function]}
                    label="Date"
                    name="date"
                    onChange={[Function]}
                    placeholder="Enter the date here..."
                    required={true}
                    value=""
                  />
                  <FormField
                    control={[Function]}
                    label="Entry"
                    name="text"
                    onChange={[Function]}
                    placeholder="Start typing your entry here..."
                    required={true}
                    value=""
                  />
                  <FormButton
                    as={[Function]}
                    content="Submit"
                    control={[Function]}
                  />
                </FormGroup>,
                "onSubmit": [Function],
              },
              "ref": null,
              "rendered": Object {
                "instance": null,
                "key": undefined,
                "nodeType": "function",
                "props": Object {
                  "children": Array [
                    <FormField
                      control={[Function]}
                      label="Date"
                      name="date"
                      onChange={[Function]}
                      placeholder="Enter the date here..."
                      required={true}
                      value=""
                    />,
                    <FormField
                      control={[Function]}
                      label="Entry"
                      name="text"
                      onChange={[Function]}
                      placeholder="Start typing your entry here..."
                      required={true}
                      value=""
                    />,
                    <FormButton
                      as={[Function]}
                      content="Submit"
                      control={[Function]}
                    />,
                  ],
                },
                "ref": null,
                "rendered": Array [
                  Object {
                    "instance": null,
                    "key": undefined,
                    "nodeType": "function",
                    "props": Object {
                      "control": [Function],
                      "label": "Date",
                      "name": "date",
                      "onChange": [Function],
                      "placeholder": "Enter the date here...",
                      "required": true,
                      "value": "",
                    },
                    "ref": null,
                    "rendered": null,
                    "type": [Function],
                  },
                  Object {
                    "instance": null,
                    "key": undefined,
                    "nodeType": "function",
                    "props": Object {
                      "control": [Function],
                      "label": "Entry",
                      "name": "text",
                      "onChange": [Function],
                      "placeholder": "Start typing your entry here...",
                      "required": true,
                      "value": "",
                    },
                    "ref": null,
                    "rendered": null,
                    "type": [Function],
                  },
                  Object {
                    "instance": null,
                    "key": undefined,
                    "nodeType": "function",
                    "props": Object {
                      "as": [Function],
                      "content": "Submit",
                      "control": [Function],
                    },
                    "ref": null,
                    "rendered": null,
                    "type": [Function],
                  },
                ],
                "type": [Function],
              },
              "type": [Function],
            },
          ],
          "type": [Function],
        },
        Object {
          "instance": null,
          "key": undefined,
          "nodeType": "function",
          "props": Object {},
          "ref": null,
          "rendered": null,
          "type": [Function],
        },
      ],
      "type": "div",
    },
  ],
  Symbol(enzyme.__options__): Object {
    "adapter": ReactSixteenAdapter {
      "options": Object {
        "enableComponentDidUpdateOnSetState": true,
        "lifecycles": Object {
          "componentDidUpdate": Object {
            "onSetState": true,
          },
          "getDerivedStateFromProps": true,
          "getSnapshotBeforeUpdate": true,
          "setState": Object {
            "skipsComponentDidUpdateOnNullish": true,
          },
        },
      },
    },
  },
}
`;
